[ +101 ms] Unable to locate an Android SDK.
[  +84 ms] Found 2 files which will be executed as Widget Tests.
[   +4 ms] Artifact Instance of 'AndroidGenSnapshotArtifacts' is not required, skipping update.
[        ] Artifact Instance of 'AndroidInternalBuildArtifacts' is not required, skipping update.
[        ] Artifact Instance of 'IOSEngineArtifacts' is not required, skipping update.
[        ] Artifact Instance of 'FlutterWebSdk' is not required, skipping update.
[        ] Artifact Instance of 'LegacyCanvasKitRemover' is not required, skipping update.
[   +1 ms] Artifact Instance of 'WindowsEngineArtifacts' is not required, skipping update.
[        ] Artifact Instance of 'MacOSEngineArtifacts' is not required, skipping update.
[        ] Artifact Instance of 'LinuxEngineArtifacts' is not required, skipping update.
[        ] Artifact Instance of 'LinuxFuchsiaSDKArtifacts' is not required, skipping update.
[        ] Artifact Instance of 'MacOSFuchsiaSDKArtifacts' is not required, skipping update.
[        ] Artifact Instance of 'FlutterRunnerSDKArtifacts' is not required, skipping update.
[        ] Artifact Instance of 'FlutterRunnerDebugSymbols' is not required, skipping update.
[  +48 ms] Artifact Instance of 'MaterialFonts' is not required, skipping update.
[        ] Artifact Instance of 'GradleWrapper' is not required, skipping update.
[        ] Artifact Instance of 'AndroidGenSnapshotArtifacts' is not required, skipping update.
[        ] Artifact Instance of 'AndroidInternalBuildArtifacts' is not required, skipping update.
[        ] Artifact Instance of 'IOSEngineArtifacts' is not required, skipping update.
[        ] Artifact Instance of 'FlutterWebSdk' is not required, skipping update.
[        ] Artifact Instance of 'LegacyCanvasKitRemover' is not required, skipping update.
[        ] Artifact Instance of 'FlutterSdk' is not required, skipping update.
[        ] Artifact Instance of 'WindowsEngineArtifacts' is not required, skipping update.
[        ] Artifact Instance of 'MacOSEngineArtifacts' is not required, skipping update.
[        ] Artifact Instance of 'LinuxEngineArtifacts' is not required, skipping update.
[        ] Artifact Instance of 'LinuxFuchsiaSDKArtifacts' is not required, skipping update.
[        ] Artifact Instance of 'MacOSFuchsiaSDKArtifacts' is not required, skipping update.
[        ] Artifact Instance of 'FlutterRunnerSDKArtifacts' is not required, skipping update.
[        ] Artifact Instance of 'FlutterRunnerDebugSymbols' is not required, skipping update.
[        ] Artifact Instance of 'IosUsbArtifacts' is not required, skipping update.
[        ] Artifact Instance of 'IosUsbArtifacts' is not required, skipping update.
[        ] Artifact Instance of 'IosUsbArtifacts' is not required, skipping update.
[        ] Artifact Instance of 'IosUsbArtifacts' is not required, skipping update.
[        ] Artifact Instance of 'IosUsbArtifacts' is not required, skipping update.
[        ] Artifact Instance of 'FontSubsetArtifacts' is not required, skipping update.
[        ] Artifact Instance of 'PubDependencies' is not required, skipping update.
[  +32 ms] Skipping pub get: version match.
[ +244 ms] Generating D:\zindeaison\ZindeAI_app\android\app\src\main\java\io\flutter\plugins\GeneratedPluginRegistrant.java
[ +150 ms] running test package with arguments: [--no-color, --chain-stack-traces, --, file:///D:/zindeaison/ZindeAI_app/test/generate_plan_screen_test.dart, file:///D:/zindeaison/ZindeAI_app/test/services/plan_service_test.dart]
00:00 +0: loading D:/zindeaison/ZindeAI_app/test/generate_plan_screen_test.dart
[ +143 ms] test 0: starting test D:/zindeaison/ZindeAI_app/test/generate_plan_screen_test.dart
[   +5 ms] Stopping scan for flutter_test_config.dart; found project root at D:\zindeaison\ZindeAI_app
[   +1 ms] Compiler will use the following file as its incremental dill file: C:\Users\musab\AppData\Local\Temp\flutter_tools.ba2d1323\flutter_test_compiler.b82277e2\output.dill
[        ] Listening to compiler controller...
[   +5 ms] Compiling file:///C:/Users/musab/AppData/Local/Temp/flutter_tools.ba2d1323/flutter_test_listener.adf3ec35/listener.dart
[   +5 ms] test 1: starting test D:/zindeaison/ZindeAI_app/test/services/plan_service_test.dart
[   +1 ms] Stopping scan for flutter_test_config.dart; found project root at D:\zindeaison\ZindeAI_app
[  +94 ms] No packages with native assets. Skipping native assets compilation.
[        ] Writing native_assets.yaml.
[   +7 ms] Writing D:\zindeaison\ZindeAI_app\build\native_assets\windows\native_assets.yaml done.
[   +2 ms] C:\src\flutter\bin\cache\dart-sdk\bin\dartaotruntime.exe --disable-dart-dev C:\src\flutter\bin\cache\dart-sdk\bin\snapshots\frontend_server_aot.dart.snapshot --sdk-root C:\src\flutter\bin\cache\artifacts\engine\common\flutter_patched_sdk/ --incremental --no-print-incremental-dependencies --target=flutter --experimental-emit-debug-metadata --output-dill C:\Users\musab\AppData\Local\Temp\flutter_tools.ba2d1323\flutter_test_compiler.b82277e2\output.dill --packages D:\zindeaison\ZindeAI_app\.dart_tool\package_config.json -Ddart.vm.profile=false -Ddart.vm.product=false --enable-asserts --track-widget-creation --initialize-from-dill D:\zindeaison\ZindeAI_app\build\test_cache\build\cache.dill.track.dill --native-assets file:///D:/zindeaison/ZindeAI_app/build/native_assets/windows/native_assets.yaml --verbosity=error
[   +7 ms] <- native-assets file:///D:/zindeaison/ZindeAI_app/build/native_assets/windows/native_assets.yaml
[        ] <- compile file:///C:/Users/musab/AppData/Local/Temp/flutter_tools.ba2d1323/flutter_test_listener.adf3ec35/listener.dart
[ +773 ms] <- accept
[        ] <- reset
[        ] Compiling file:///C:/Users/musab/AppData/Local/Temp/flutter_tools.ba2d1323/flutter_test_listener.adf3ec35/listener.dart took 893ms
[        ] Compiling file:///C:/Users/musab/AppData/Local/Temp/flutter_tools.ba2d1323/flutter_test_listener.66160f17/listener.dart
[        ] test 0: starting test device
[   +2 ms] test 0: awaiting connection to test device
[   +2 ms] test 0: VM Service uri is not available
[   +3 ms] test 0: test harness socket server is running at port:49456
[   +1 ms] Using this directory for fonts configuration: C:\Users\musab\AppData\Local\Temp\flutter_tools.ba2d1323\flutter_test_fonts.418ebf49
[   +1 ms] test 0: Starting flutter_tester process with command=[C:\src\flutter\bin\cache\artifacts\engine\windows-x64\flutter_tester.exe, --disable-vm-service, --enable-checked-mode, --verify-entry-points, --enable-software-rendering, --skia-deterministic-rendering, --enable-dart-profiling, --non-interactive, --use-test-fonts, --disable-asset-fonts, --packages=D:\zindeaison\ZindeAI_app\.dart_tool\package_config.json, --flutter-assets-dir=D:\zindeaison\ZindeAI_app\build\unit_test_assets, C:\Users\musab\AppData\Local\Temp\flutter_tools.ba2d1323\flutter_test_listener.adf3ec35\listener.dart.dill], environment={FLUTTER_TEST: true, FONTCONFIG_FILE: C:\Users\musab\AppData\Local\Temp\flutter_tools.ba2d1323\flutter_test_fonts.418ebf49/fonts.conf, SERVER_PORT: 49456, APP_NAME: zindeai_app, UNIT_TEST_ASSETS: D:\zindeaison\ZindeAI_app\build\unit_test_assets}
[   +3 ms] test 0: Started flutter_tester process at pid 27232
[  +73 ms] No packages with native assets. Skipping native assets compilation.
[        ] Writing native_assets.yaml.
[   +1 ms] Writing D:\zindeaison\ZindeAI_app\build\native_assets\windows\native_assets.yaml done.
[   +1 ms] <- native-assets file:///D:/zindeaison/ZindeAI_app/build/native_assets/windows/native_assets.yaml
[        ] <- recompile file:///C:/Users/musab/AppData/Local/Temp/flutter_tools.ba2d1323/flutter_test_listener.66160f17/listener.dart 50936193-72d4-4267-a9c9-67cd3ff8cb5e
[        ] file:///C:/Users/musab/AppData/Local/Temp/flutter_tools.ba2d1323/flutter_test_listener.66160f17/listener.dart
[        ] file:///D:/zindeaison/ZindeAI_app/.dart_tool/flutter_build/dart_plugin_registrant.dart
[        ] <- 50936193-72d4-4267-a9c9-67cd3ff8cb5e
[  +54 ms] killing pid 2448
[   +1 ms] test 1: cleaning up...
[        ] test 1: deleting temporary directory
[   +2 ms] test 1: waiting for controller sink to close
00:00 +0 -1: loading D:/zindeaison/ZindeAI_app/test/services/plan_service_test.dart [E]
  Failed to load "D:/zindeaison/ZindeAI_app/test/services/plan_service_test.dart": Compilation failed for testPath=D:/zindeaison/ZindeAI_app/test/services/plan_service_test.dart
00:00 +0 -2: loading D:/zindeaison/ZindeAI_app/test/generate_plan_screen_test.dart [E]
  Error: the Dart compiler exited unexpectedly.
  package:flutter_tools/src/base/common.dart 10:3  throwToolExit
  package:flutter_tools/src/compile.dart 897:9     DefaultResidentCompiler._compile.<fn>
  dart:async/zone.dart 1407:47                     _rootRunUnary
  dart:async/zone.dart 1308:19                     _CustomZone.runUnary
  dart:async/future_impl.dart 861:45               Future._propagateToListeners.handleValueCallback
  dart:async/future_impl.dart 890:13               Future._propagateToListeners
  dart:async/future_impl.dart 786:9                Future._propagateToListeners
  dart:async/future_impl.dart 666:5                Future._completeWithValue
  dart:async/future_impl.dart 736:7                Future._asyncCompleteWithValue.<fn>
  dart:async/zone.dart 1399:13                     _rootRun
  dart:async/zone.dart 1301:19                     _CustomZone.run
  dart:async/zone.dart 1209:7                      _CustomZone.runGuarded
  dart:async/zone.dart 1249:23                     _CustomZone.bindCallbackGuarded.<fn>
  dart:async/schedule_microtask.dart 40:21         _microtaskLoop
  dart:async/schedule_microtask.dart 49:5          _startMicrotaskLoop
  dart:isolate-patch/isolate_patch.dart 118:13     _runPendingImmediateCallback
  dart:isolate-patch/isolate_patch.dart 185:5      _RawReceivePort._handleMessage
  
[  +33 ms] Compiling file:///C:/Users/musab/AppData/Local/Temp/flutter_tools.ba2d1323/flutter_test_listener.66160f17/listener.dart took 195ms
[  +47 ms] test 0: connected to test device, now awaiting test result
[        ] test 0: Waiting for test harness or tests to finish
00:00 +0 -2: D:/zindeaison/ZindeAI_app/test/generate_plan_screen_test.dart: Generate Plan UI smoke test
[ +529 ms] test 0: Test harness is no longer needed by test process
[        ] test 0: finished
[        ] test 0: cleaning up...
[        ] test 0: ensuring test device is terminated.
[        ] test 0: Terminating flutter_tester process
[        ] test 0: Shutting down DevTools server
[        ] test 0: Test process is no longer needed by test harness
[        ] test 0: Shutting down test harness socket server
[  +11 ms] test 0: flutter_tester process at pid 27232 exited with code=-1
[        ] test 0: deleting temporary directory
[   +4 ms] test 0: finished
00:00 +1 -2: Some tests failed.
[   +5 ms] Deleting C:\Users\musab\AppData\Local\Temp\flutter_tools.ba2d1323\flutter_test_compiler.b82277e2...
[   +4 ms] Deleting C:\Users\musab\AppData\Local\Temp\flutter_tools.ba2d1323\flutter_test_fonts.418ebf49...
[   +2 ms] test package returned with exit code 1
[        ] Runtime for phase TestRunner: Wall-clock: 0:00:01.859557; combined: 0:00:01.859575.
[        ] Runtime for phase Compile: Wall-clock: 0:00:01.089560; combined: 0:00:01.089576.
[        ] Runtime for phase Run: Wall-clock: 0:00:00.771940; combined: 0:00:00.771942.
[        ] Runtime for phase CoverageTotal: Wall-clock: 0:00:00.000000; combined: 0:00:00.000000.
[        ] Runtime for phase CoverageCollect: Wall-clock: 0:00:00.000000; combined: 0:00:00.000000.
[        ] Runtime for phase CoverageParseJson: Wall-clock: 0:00:00.000000; combined: 0:00:00.000000.
[        ] Runtime for phase CoverageAddHitmap: Wall-clock: 0:00:00.000000; combined: 0:00:00.000000.
[        ] Runtime for phase CoverageDataCollect: Wall-clock: 0:00:00.000000; combined: 0:00:00.000000.
[        ] Runtime for phase WatcherFinishedTest: Wall-clock: 0:00:00.000374; combined: 0:00:00.000376.
[   +4 ms] "flutter test" took 2.355ms.
[ +173 ms] ensureAnalyticsSent: 171ms
[        ] Running 2 shutdown hooks
[   +1 ms] Shutdown hooks complete
[  +12 ms] exiting with code 1
